// Jest Snapshot v1, https://goo.gl/fbAQLP

exports[`components/TopBar should render default TopBar 1`] = `
[MockFunction] {
  "calls": Array [
    Array [
      "mailto:undefined?subject=Question from my website",
    ],
  ],
  "results": Array [
    Object {
      "type": "return",
      "value": undefined,
    },
  ],
}
`;
